<html>
<body>
<pre>
<h1>礦ision Build Log</h1>
<h2>Tool Versions:</h2>
IDE-Version: μVision V5.20.0.0
Copyright (C) 2016 ARM Ltd and ARM Germany GmbH. All rights reserved.
License Information: 1 Skaura, 2, LIC=76F56-DA5MV-RA1DM-XKV3U-4NU0C-LIAJ1
 
Tool Versions:
Toolchain:       MDK-ARM Plus  Version: 5.20
Toolchain Path:  C:\Keil_v5\ARM\ARMCC\Bin
C Compiler:      Armcc.exe V5.06 update 2 (build 183)
Assembler:       Armasm.exe V5.06 update 2 (build 183)
Linker/Locator:  ArmLink.exe V5.06 update 2 (build 183)
Library Manager: ArmAr.exe V5.06 update 2 (build 183)
Hex Converter:   FromElf.exe V5.06 update 2 (build 183)
CPU DLL:         SARMCM3.DLL V5.20
Dialog DLL:      DCM.DLL V1.13.7.0
Target DLL:      STLink\ST-LINKIII-KEIL_SWO.dll V2.0.18.0
Dialog DLL:      TCM.DLL V1.14.9.0
 
<h2>Project:</h2>
C:\Users\Skaura\Desktop\car\stmF4例程\2，标准例程-HAL库版本\2，标准例程-HAL库版本\实验1 跑马灯实验\USER\LED.uvprojx
Project File Date:  10/17/2019

<h2>Output:</h2>
*** Using Compiler 'V5.06 update 2 (build 183)', folder: 'C:\Keil_v5\ARM\ARMCC\Bin'
Rebuild target 'LED'
compiling system_stm32f4xx.c...
compiling stm32f4xx_it.c...
compiling main.c...
main.c(31): warning:  #223-D: function "MotorInit" declared implicitly
  	MotorInit();
main.c(48): warning:  #223-D: function "Turnback" declared implicitly
  							  Turnback(); 
main.c(56): warning:  #223-D: function "TurnLeft" declared implicitly
  								TurnLeft();
main.c(60): warning:  #223-D: function "TurnRight" declared implicitly
  								TurnRight(); 
main.c(26): warning:  #177-D: variable "beepsta" was declared but never referenced
  	u8 beepsta=0;
main.c: 5 warnings, 0 errors
assembling startup_stm32f429xx.s...
compiling stm32f4xx_hal.c...
compiling stm32f4xx_hal_cortex.c...
compiling stm32f4xx_hal_gpio.c...
compiling stm32f4xx_hal_pwr.c...
compiling stm32f4xx_hal_pwr_ex.c...
compiling stm32f4xx_hal_rcc.c...
compiling stm32f4xx_hal_rcc_ex.c...
compiling stm32f4xx_hal_uart.c...
compiling stm32f4xx_hal_usart.c...
compiling stm32f4xx_hal_dma_ex.c...
compiling stm32f4xx_hal_dma.c...
compiling delay.c...
compiling sys.c...
compiling usart.c...
compiling led.c...
compiling pcf8574.c...
compiling myiic.c...
compiling motor.c...
compiling key.c...
linking...
Program Size: Code=5622 RO-data=478 RW-data=36 ZI-data=1900  
FromELF: creating hex file...
"..\OBJ\LED.axf" - 0 Error(s), 5 Warning(s).

<h2>Collection of Component include folders:</h2>
  C:\Users\Skaura\Desktop\car\stmF4例程\2，标准例程-HAL库版本\2，标准例程-HAL库版本\实验1 跑马灯实验\USER\RTE
  C:\Keil_v5\ARM\PACK\Keil\STM32F4xx_DFP\2.8.0\Drivers\CMSIS\Device\ST\STM32F4xx\Include

<h2>Collection of Component Files used:</h2>
Build Time Elapsed:  00:00:36
</pre>
</body>
</html>
